((0=(((1**.monkey.linear_density'numvar)++0)+(-18/.monkey.length'numvar)));((0=(((1**.mother.linear_density'numvar)++0)+(-1*(.mother.weight'numvar/.mother.length'numvar))));((0=(((1**.weight.linear_density'numvar)++0)+(-18/.weight.length'numvar)));5.75)))
