(((((1**.x'numvar)++0)+(.y'numvar/.x'numvar))=(.x'numvar/.y'numvar));(((1/.z'numvar)=((0.5**.z'numvar)++0));(.x'numvar,(.y'numvar,.z'numvar))))
