for tokens: Other and examples
file examples/read.me, line 1, before position 16: missing operator
