null graphics device is open
draw line from (0.5,2.5) to (2.5,2.5)
draw line from (2.5,0.5) to (0.5,0.5)
draw line from (0.5,0.5) to (0.5,2.5)
draw line from (2.5,2.5) to (2.5,0.5)
draw string "hello" at (1.5,1.5)
close graphics device
