null graphics device is open
draw line from (0.5,2) to (2.5,2)
draw line from (2.5,2) to (2.5,1.3)
draw line from (2.5,1.3) to (3.5,1.3)
draw line from (3.5,0.5) to (0.5,0.5)
draw line from (0.5,0.5) to (0.5,2)
draw line from (3.5,1.3) to (3.5,0.5)
close graphics device
